service should match snapshot:
  1: |
    apiVersion: v1
    kind: Service
    metadata:
      labels:
        app.kubernetes.io/instance: RELEASE-NAME
        app.kubernetes.io/managed-by: Helm
        app.kubernetes.io/name: victoria-metrics-mcp
        app.kubernetes.io/version: 0.1.0
        helm.sh/chart: victoria-metrics-mcp-0.1.1
      name: RELEASE-NAME-victoria-metrics-mcp
      namespace: NAMESPACE
    spec:
      ports:
        - name: http
          port: 8080
          protocol: TCP
          targetPort: http
      selector:
        app.kubernetes.io/instance: RELEASE-NAME
        app.kubernetes.io/name: victoria-metrics-mcp
      type: ClusterIP
