deployment should match snapshot:
  1: |
    apiVersion: apps/v1
    kind: StatefulSet
    metadata:
      labels:
        app: server
        app.kubernetes.io/instance: RELEASE-NAME
        app.kubernetes.io/managed-by: Helm
        app.kubernetes.io/name: victoria-logs-single
        app.kubernetes.io/version: 0.1.0-victorialogs
        helm.sh/chart: victoria-logs-single-0.1.1
      name: RELEASE-NAME-victoria-logs-single-server
      namespace: NAMESPACE
    spec:
      podManagementPolicy: OrderedReady
      replicas: 1
      selector:
        matchLabels:
          app: server
          app.kubernetes.io/instance: RELEASE-NAME
          app.kubernetes.io/name: victoria-logs-single
      serviceName: RELEASE-NAME-victoria-logs-single-server
      template:
        metadata:
          labels:
            app: server
            app.kubernetes.io/instance: RELEASE-NAME
            app.kubernetes.io/managed-by: Helm
            app.kubernetes.io/name: victoria-logs-single
        spec:
          containers:
            - args:
                - --envflag.enable
                - --envflag.prefix=VM_
                - --httpListenAddr=:9428
                - --loggerFormat=json
                - --retentionPeriod=1
                - --storageDataPath=/storage
              image: victoriametrics/victoria-logs:0.1.0-victorialogs
              imagePullPolicy: IfNotPresent
              livenessProbe:
                failureThreshold: 10
                initialDelaySeconds: 30
                periodSeconds: 30
                tcpSocket:
                  port: http
                timeoutSeconds: 5
              name: vlogs
              ports:
                - containerPort: 9428
                  name: http
              readinessProbe:
                failureThreshold: 3
                httpGet:
                  path: /health
                  port: http
                  scheme: HTTP
                initialDelaySeconds: 5
                periodSeconds: 15
                timeoutSeconds: 5
              securityContext:
                allowPrivilegeEscalation: false
                capabilities:
                  drop:
                    - ALL
                readOnlyRootFilesystem: true
              volumeMounts:
                - mountPath: /storage
                  name: server-volume
          securityContext:
            fsGroup: 2000
            runAsNonRoot: true
            runAsUser: 1000
          terminationGracePeriodSeconds: 60
          volumes:
            - emptyDir: {}
              name: server-volume
      updateStrategy: {}
deployment with volume should match snapshot:
  1: |
    apiVersion: apps/v1
    kind: StatefulSet
    metadata:
      labels:
        app: server
        app.kubernetes.io/instance: RELEASE-NAME
        app.kubernetes.io/managed-by: Helm
        app.kubernetes.io/name: victoria-logs-single
        app.kubernetes.io/version: 0.1.0-victorialogs
        helm.sh/chart: victoria-logs-single-0.1.1
      name: RELEASE-NAME-victoria-logs-single-server
      namespace: NAMESPACE
    spec:
      podManagementPolicy: OrderedReady
      replicas: 1
      selector:
        matchLabels:
          app: server
          app.kubernetes.io/instance: RELEASE-NAME
          app.kubernetes.io/name: victoria-logs-single
      serviceName: RELEASE-NAME-victoria-logs-single-server
      template:
        metadata:
          labels:
            app: server
            app.kubernetes.io/instance: RELEASE-NAME
            app.kubernetes.io/managed-by: Helm
            app.kubernetes.io/name: victoria-logs-single
        spec:
          containers:
            - args:
                - --envflag.enable
                - --envflag.prefix=VM_
                - --httpListenAddr=:9428
                - --loggerFormat=json
                - --retentionPeriod=1
                - --storageDataPath=/storage
              image: victoriametrics/victoria-logs:0.1.0-victorialogs
              imagePullPolicy: IfNotPresent
              livenessProbe:
                failureThreshold: 10
                initialDelaySeconds: 30
                periodSeconds: 30
                tcpSocket:
                  port: http
                timeoutSeconds: 5
              name: vlogs
              ports:
                - containerPort: 9428
                  name: http
              readinessProbe:
                failureThreshold: 3
                httpGet:
                  path: /health
                  port: http
                  scheme: HTTP
                initialDelaySeconds: 5
                periodSeconds: 15
                timeoutSeconds: 5
              securityContext:
                allowPrivilegeEscalation: false
                capabilities:
                  drop:
                    - ALL
                readOnlyRootFilesystem: true
              volumeMounts:
                - mountPath: /storage
                  name: server-volume
          securityContext:
            fsGroup: 2000
            runAsNonRoot: true
            runAsUser: 1000
          terminationGracePeriodSeconds: 60
          volumes:
            - emptyDir: {}
              name: server-volume
      updateStrategy: {}
statefulset should match snapshot:
  1: |
    apiVersion: apps/v1
    kind: StatefulSet
    metadata:
      labels:
        app: server
        app.kubernetes.io/instance: RELEASE-NAME
        app.kubernetes.io/managed-by: Helm
        app.kubernetes.io/name: victoria-logs-single
        app.kubernetes.io/version: 0.1.0-victorialogs
        helm.sh/chart: victoria-logs-single-0.1.1
      name: RELEASE-NAME-victoria-logs-single-server
      namespace: NAMESPACE
    spec:
      podManagementPolicy: OrderedReady
      replicas: 1
      selector:
        matchLabels:
          app: server
          app.kubernetes.io/instance: RELEASE-NAME
          app.kubernetes.io/name: victoria-logs-single
      serviceName: RELEASE-NAME-victoria-logs-single-server
      template:
        metadata:
          labels:
            app: server
            app.kubernetes.io/instance: RELEASE-NAME
            app.kubernetes.io/managed-by: Helm
            app.kubernetes.io/name: victoria-logs-single
        spec:
          containers:
            - args:
                - --envflag.enable
                - --envflag.prefix=VM_
                - --httpListenAddr=:9428
                - --loggerFormat=json
                - --retentionPeriod=1
                - --storageDataPath=/storage
              image: victoriametrics/victoria-logs:0.1.0-victorialogs
              imagePullPolicy: IfNotPresent
              livenessProbe:
                failureThreshold: 10
                initialDelaySeconds: 30
                periodSeconds: 30
                tcpSocket:
                  port: http
                timeoutSeconds: 5
              name: vlogs
              ports:
                - containerPort: 9428
                  name: http
              readinessProbe:
                failureThreshold: 3
                httpGet:
                  path: /health
                  port: http
                  scheme: HTTP
                initialDelaySeconds: 5
                periodSeconds: 15
                timeoutSeconds: 5
              securityContext:
                allowPrivilegeEscalation: false
                capabilities:
                  drop:
                    - ALL
                readOnlyRootFilesystem: true
              volumeMounts:
                - mountPath: /storage
                  name: server-volume
          securityContext:
            fsGroup: 2000
            runAsNonRoot: true
            runAsUser: 1000
          terminationGracePeriodSeconds: 60
          volumes:
            - emptyDir: {}
              name: server-volume
      updateStrategy: {}
statefulset with volume should match snapshot:
  1: |
    apiVersion: apps/v1
    kind: StatefulSet
    metadata:
      labels:
        app: server
        app.kubernetes.io/instance: RELEASE-NAME
        app.kubernetes.io/managed-by: Helm
        app.kubernetes.io/name: victoria-logs-single
        app.kubernetes.io/version: 0.1.0-victorialogs
        helm.sh/chart: victoria-logs-single-0.1.1
      name: RELEASE-NAME-victoria-logs-single-server
      namespace: NAMESPACE
    spec:
      podManagementPolicy: OrderedReady
      replicas: 1
      selector:
        matchLabels:
          app: server
          app.kubernetes.io/instance: RELEASE-NAME
          app.kubernetes.io/name: victoria-logs-single
      serviceName: RELEASE-NAME-victoria-logs-single-server
      template:
        metadata:
          labels:
            app: server
            app.kubernetes.io/instance: RELEASE-NAME
            app.kubernetes.io/managed-by: Helm
            app.kubernetes.io/name: victoria-logs-single
        spec:
          containers:
            - args:
                - --envflag.enable
                - --envflag.prefix=VM_
                - --httpListenAddr=:9428
                - --loggerFormat=json
                - --retentionPeriod=1
                - --storageDataPath=/storage
              image: victoriametrics/victoria-logs:0.1.0-victorialogs
              imagePullPolicy: IfNotPresent
              livenessProbe:
                failureThreshold: 10
                initialDelaySeconds: 30
                periodSeconds: 30
                tcpSocket:
                  port: http
                timeoutSeconds: 5
              name: vlogs
              ports:
                - containerPort: 9428
                  name: http
              readinessProbe:
                failureThreshold: 3
                httpGet:
                  path: /health
                  port: http
                  scheme: HTTP
                initialDelaySeconds: 5
                periodSeconds: 15
                timeoutSeconds: 5
              securityContext:
                allowPrivilegeEscalation: false
                capabilities:
                  drop:
                    - ALL
                readOnlyRootFilesystem: true
              volumeMounts:
                - mountPath: /storage
                  name: server-volume
          securityContext:
            fsGroup: 2000
            runAsNonRoot: true
            runAsUser: 1000
          terminationGracePeriodSeconds: 60
          volumes:
            - emptyDir: {}
              name: server-volume
      updateStrategy: {}
