daemonSet should match snapshot:
  1: |
    apiVersion: rbac.authorization.k8s.io/v1
    kind: ClusterRole
    metadata:
      labels:
        app.kubernetes.io/instance: RELEASE-NAME
        app.kubernetes.io/managed-by: Helm
        app.kubernetes.io/name: victoria-logs-collector
        app.kubernetes.io/version: 0.1.0
        helm.sh/chart: victoria-logs-collector-0.1.1
      name: RELEASE-NAME-victoria-logs-collector
    rules:
      - apiGroups:
          - ""
        resources:
          - nodes
          - namespaces
          - pods
        verbs:
          - get
          - list
          - watch
  2: |
    apiVersion: rbac.authorization.k8s.io/v1
    kind: ClusterRoleBinding
    metadata:
      labels:
        app.kubernetes.io/instance: RELEASE-NAME
        app.kubernetes.io/managed-by: Helm
        app.kubernetes.io/name: victoria-logs-collector
        app.kubernetes.io/version: 0.1.0
        helm.sh/chart: victoria-logs-collector-0.1.1
      name: RELEASE-NAME-victoria-logs-collector
    roleRef:
      apiGroup: rbac.authorization.k8s.io
      kind: ClusterRole
      name: RELEASE-NAME-victoria-logs-collector
    subjects:
      - kind: ServiceAccount
        name: RELEASE-NAME-victoria-logs-collector
        namespace: NAMESPACE
  3: |
    apiVersion: apps/v1
    kind: DaemonSet
    metadata:
      labels:
        app.kubernetes.io/instance: RELEASE-NAME
        app.kubernetes.io/managed-by: Helm
        app.kubernetes.io/name: victoria-logs-collector
        app.kubernetes.io/version: 0.1.0
        helm.sh/chart: victoria-logs-collector-0.1.1
      name: RELEASE-NAME-victoria-logs-collector
      namespace: NAMESPACE
    spec:
      selector:
        matchLabels:
          app.kubernetes.io/instance: RELEASE-NAME
          app.kubernetes.io/name: victoria-logs-collector
      template:
        metadata:
          labels:
            app.kubernetes.io/instance: RELEASE-NAME
            app.kubernetes.io/managed-by: Helm
            app.kubernetes.io/name: victoria-logs-collector
        spec:
          containers:
            - args:
                - --envflag.enable
                - --envflag.prefix=VL_
                - --kubernetesCollector
                - --kubernetesCollector.includeNodeAnnotations=false
                - --kubernetesCollector.includeNodeLabels=false
                - --kubernetesCollector.includePodAnnotations=false
                - --kubernetesCollector.includePodLabels
                - --kubernetesCollector.msgField=message,msg
                - --kubernetesCollector.timeField=time,ts,timestamp
                - --loggerFormat=json
                - --remoteWrite.headers="AccountID:0^^ProjectID:0"
                - --remoteWrite.url=http://victoria-logs:9428/insert/native
                - --tmpDataPath=/vl-collector
              image: victoriametrics/vlagent:0.1.0
              imagePullPolicy: IfNotPresent
              name: vlagent
              ports:
                - containerPort: 9429
                  name: http
                  protocol: TCP
              securityContext: {}
              volumeMounts:
                - mountPath: /var/log
                  name: varlog
                  readOnly: true
                - mountPath: /var/lib
                  name: varlib
                  readOnly: true
                - mountPath: /vl-collector
                  name: vl-collector-data
          securityContext: {}
          serviceAccountName: RELEASE-NAME-victoria-logs-collector
          volumes:
            - hostPath:
                path: /var/log
              name: varlog
            - hostPath:
                path: /var/lib
              name: varlib
            - hostPath:
                path: /var/lib/vl-collector
              name: vl-collector-data
  4: |
    apiVersion: v1
    automountServiceAccountToken: true
    kind: ServiceAccount
    metadata:
      annotations: {}
      labels:
        app.kubernetes.io/instance: RELEASE-NAME
        app.kubernetes.io/managed-by: Helm
        app.kubernetes.io/name: victoria-logs-collector
        app.kubernetes.io/version: 0.1.0
        helm.sh/chart: victoria-logs-collector-0.1.1
      name: RELEASE-NAME-victoria-logs-collector
      namespace: NAMESPACE
