service should match snapshot:
  1: |
    apiVersion: v1
    kind: Service
    metadata:
      labels:
        app.kubernetes.io/component: monitoring
        app.kubernetes.io/instance: RELEASE-NAME
        app.kubernetes.io/managed-by: Helm
        app.kubernetes.io/name: vtmcp
        app.kubernetes.io/version: 0.1.0
        helm.sh/chart: victoria-traces-mcp-0.1.1
      name: vtmcp-RELEASE-NAME
      namespace: NAMESPACE
    spec:
      ports:
        - name: http
          port: 8080
          protocol: TCP
          targetPort: http
      selector:
        app.kubernetes.io/component: monitoring
        app.kubernetes.io/instance: RELEASE-NAME
        app.kubernetes.io/name: vtmcp
      type: ClusterIP
