alert service should match snapshot:
  1: |
    apiVersion: v1
    kind: Service
    metadata:
      labels:
        app.kubernetes.io/component: server
        app.kubernetes.io/instance: RELEASE-NAME
        app.kubernetes.io/managed-by: Helm
        app.kubernetes.io/name: victoria-metrics-alert
        app.kubernetes.io/version: 0.1.0
        helm.sh/chart: victoria-metrics-alert-0.1.1
      name: vmalert-RELEASE-NAME
      namespace: NAMESPACE
    spec:
      clusterIP: None
      ports:
        - name: http
          port: 8880
          protocol: TCP
          targetPort: http
      selector:
        app: server
        app.kubernetes.io/instance: RELEASE-NAME
        app.kubernetes.io/name: victoria-metrics-alert
      type: ClusterIP
